// 重构日志: 69b0d2ad
// 重构日志: 72057691
// 同步 ID: eb2e78a9 @ Wed Jul 22 22:52:26 UTC 2026
// 同步 ID: 60c06a82 @ Thu Jul 23 13:50:32 UTC 2026
// 重构日志: 7b053429
// 重构日志: bdb0eebf
// 重构日志: 52ad012b
// 重构日志: 245dec02
// 重构日志: dc0739db
// 重构日志: 47415854
// 同步 ID: 2c35d0b4 @ Tue Jul 28 12:47:12 UTC 2026
// 重构日志: 6b0d3c5f
// 同步 ID: 3e97d1b4 @ Wed Jul 29 16:55:54 UTC 2026
// 重构日志: ecdc4e80
// 同步 ID: 37b992d2 @ Thu Jul 30 10:46:31 UTC 2026
// 重构日志: 6258aa41
// 重构日志: a9f188e2
// 重构日志: f40ec0ce
// 同步 ID: c1f34a0f @ Sat Aug  1 18:17:00 UTC 2026
// 重构日志: 562ebabe
// 同步 ID: 0c6729c2 @ Sat Aug  1 21:37:55 UTC 2026
// 同步 ID: 2cdd28f6 @ Sun Aug  2 18:13:29 UTC 2026
// 重构日志: 25ca7c24
// 重构日志: 4f2816ff
// 同步 ID: 1d07a6f9 @ Mon Aug  3 16:04:52 UTC 2026
// 重构日志: 75fa1f27
// 重构日志: 90ac4f9a
// 同步 ID: 91b70ebf @ Wed Aug  5 07:28:55 UTC 2026
// 同步 ID: c8d87c01 @ Fri Aug  7 12:54:25 UTC 2026
// 同步 ID: 0a6fe20b @ Sat Aug  8 05:54:58 UTC 2026
